[ -451675ms] [ERROR] Failed to load resource: the server responded with a status of 500 (Internal Server Error) @ http://127.0.0.1:54321/functions/v1/get-weather:0
[ -461593ms] [INFO] %cDownload the React DevTools for a better development experience: https://react.dev/link/react-devtools font-weight:bold @ http://localhost:3000/node_modules/.vite/deps/react-dom_client.js?v=10748ea8:20102
[ -451675ms] [WARNING] Unable to load CWA weather; using Open-Meteo fallback. @ http://localhost:3000/src/features/world/world-weather-runtime.ts:101
[   54132ms] [ERROR] Failed to load resource: the server responded with a status of 500 (Internal Server Error) @ http://127.0.0.1:54321/functions/v1/get-weather:0
[   54133ms] [WARNING] Unable to load CWA weather; using Open-Meteo fallback. @ http://localhost:3000/src/features/world/world-weather-runtime.ts:101
[  278592ms] [ERROR] Failed to load resource: the server responded with a status of 500 (Internal Server Error) @ http://127.0.0.1:54321/functions/v1/get-weather:0
[  278593ms] [WARNING] Unable to load CWA weather; using Open-Meteo fallback. @ http://localhost:3000/src/features/world/world-weather-runtime.ts:101
[  440027ms] [INFO] %cDownload the React DevTools for a better development experience: https://react.dev/link/react-devtools font-weight:bold @ http://localhost:3000/node_modules/.vite/deps/react-dom_client.js?v=10748ea8:20102
[  450482ms] [ERROR] Failed to load resource: the server responded with a status of 500 (Internal Server Error) @ http://127.0.0.1:54321/functions/v1/get-weather:0
[  450483ms] [WARNING] Unable to load CWA weather; using Open-Meteo fallback. @ http://localhost:3000/src/features/world/world-weather-runtime.ts:101
[  495469ms] [INFO] %cDownload the React DevTools for a better development experience: https://react.dev/link/react-devtools font-weight:bold @ http://localhost:3000/node_modules/.vite/deps/react-dom_client.js?v=10748ea8:20102
[  505801ms] [ERROR] Failed to load resource: the server responded with a status of 500 (Internal Server Error) @ http://127.0.0.1:54321/functions/v1/get-weather:0
[  505801ms] [WARNING] Unable to load CWA weather; using Open-Meteo fallback. @ http://localhost:3000/src/features/world/world-weather-runtime.ts:101
[ 1341305ms] [INFO] %cDownload the React DevTools for a better development experience: https://react.dev/link/react-devtools font-weight:bold @ http://localhost:3000/node_modules/.vite/deps/react-dom_client.js?v=10748ea8:20102
[ 1350013ms] [INFO] %cDownload the React DevTools for a better development experience: https://react.dev/link/react-devtools font-weight:bold @ http://localhost:3000/node_modules/.vite/deps/react-dom_client.js?v=10748ea8:20102
[ 1356178ms] [ERROR] Failed to load resource: the server responded with a status of 500 (Internal Server Error) @ http://127.0.0.1:54321/functions/v1/get-weather:0
[ 1356179ms] [WARNING] Unable to load CWA weather; using Open-Meteo fallback. @ http://localhost:3000/src/features/world/world-weather-runtime.ts:101
[ 1356945ms] [INFO] %cDownload the React DevTools for a better development experience: https://react.dev/link/react-devtools font-weight:bold @ http://localhost:3000/node_modules/.vite/deps/react-dom_client.js?v=10748ea8:20102
[ 1364715ms] [ERROR] Failed to load resource: the server responded with a status of 500 (Internal Server Error) @ http://127.0.0.1:54321/functions/v1/get-weather:0
[ 1364715ms] [WARNING] Unable to load CWA weather; using Open-Meteo fallback. @ http://localhost:3000/src/features/world/world-weather-runtime.ts:101
[ 1419444ms] Error: useAppStore must be used within an AppProvider
    at useAppStore (http://localhost:3000/src/store.tsx:786:23)
    at MainApp (http://localhost:3000/src/App.tsx?t=1788178696689:27:150)
    at Object.react_stack_bottom_frame (http://localhost:3000/node_modules/.vite/deps/react-dom_client.js?v=10748ea8:18509:20)
    at renderWithHooks (http://localhost:3000/node_modules/.vite/deps/react-dom_client.js?v=10748ea8:5654:24)
    at updateFunctionComponent (http://localhost:3000/node_modules/.vite/deps/react-dom_client.js?v=10748ea8:7475:21)
    at beginWork (http://localhost:3000/node_modules/.vite/deps/react-dom_client.js?v=10748ea8:8525:20)
    at runWithFiberInDEV (http://localhost:3000/node_modules/.vite/deps/react-dom_client.js?v=10748ea8:997:72)
    at performUnitOfWork (http://localhost:3000/node_modules/.vite/deps/react-dom_client.js?v=10748ea8:12561:98)
    at workLoopSync (http://localhost:3000/node_modules/.vite/deps/react-dom_client.js?v=10748ea8:12424:43)
    at renderRootSync (http://localhost:3000/node_modules/.vite/deps/react-dom_client.js?v=10748ea8:12408:13)
[ 1419437ms] [WARNING] %s

%s
 An error occurred in the <MainApp> component. Consider adding an error boundary to your tree to customize error handling behavior.
Visit https://react.dev/link/error-boundaries to learn more about error boundaries. @ http://localhost:3000/node_modules/.vite/deps/react-dom_client.js?v=10748ea8:6965
[ 1419696ms] Error: useAppStore must be used within an AppProvider
    at useAppStore (http://localhost:3000/src/store.tsx:786:23)
    at MainApp (http://localhost:3000/src/App.tsx?t=1788178696689:27:150)
    at Object.react_stack_bottom_frame (http://localhost:3000/node_modules/.vite/deps/react-dom_client.js?v=10748ea8:18509:20)
    at renderWithHooks (http://localhost:3000/node_modules/.vite/deps/react-dom_client.js?v=10748ea8:5654:24)
    at updateFunctionComponent (http://localhost:3000/node_modules/.vite/deps/react-dom_client.js?v=10748ea8:7475:21)
    at beginWork (http://localhost:3000/node_modules/.vite/deps/react-dom_client.js?v=10748ea8:8525:20)
    at runWithFiberInDEV (http://localhost:3000/node_modules/.vite/deps/react-dom_client.js?v=10748ea8:997:72)
    at performUnitOfWork (http://localhost:3000/node_modules/.vite/deps/react-dom_client.js?v=10748ea8:12561:98)
    at workLoopSync (http://localhost:3000/node_modules/.vite/deps/react-dom_client.js?v=10748ea8:12424:43)
    at renderRootSync (http://localhost:3000/node_modules/.vite/deps/react-dom_client.js?v=10748ea8:12408:13)
[ 1419696ms] [WARNING] %s

%s
 An error occurred in the <MainApp> component. Consider adding an error boundary to your tree to customize error handling behavior.
Visit https://react.dev/link/error-boundaries to learn more about error boundaries. @ http://localhost:3000/node_modules/.vite/deps/react-dom_client.js?v=10748ea8:6965
[ 1426087ms] Error: useAppStore must be used within an AppProvider
    at useAppStore (http://localhost:3000/src/store.tsx:786:23)
    at MainApp (http://localhost:3000/src/App.tsx?t=1788178696689:27:150)
    at Object.react_stack_bottom_frame (http://localhost:3000/node_modules/.vite/deps/react-dom_client.js?v=10748ea8:18509:20)
    at renderWithHooks (http://localhost:3000/node_modules/.vite/deps/react-dom_client.js?v=10748ea8:5654:24)
    at updateFunctionComponent (http://localhost:3000/node_modules/.vite/deps/react-dom_client.js?v=10748ea8:7475:21)
    at beginWork (http://localhost:3000/node_modules/.vite/deps/react-dom_client.js?v=10748ea8:8525:20)
    at runWithFiberInDEV (http://localhost:3000/node_modules/.vite/deps/react-dom_client.js?v=10748ea8:997:72)
    at performUnitOfWork (http://localhost:3000/node_modules/.vite/deps/react-dom_client.js?v=10748ea8:12561:98)
    at workLoopSync (http://localhost:3000/node_modules/.vite/deps/react-dom_client.js?v=10748ea8:12424:43)
    at renderRootSync (http://localhost:3000/node_modules/.vite/deps/react-dom_client.js?v=10748ea8:12408:13)
[ 1426086ms] [WARNING] %s

%s
 An error occurred in the <MainApp> component. Consider adding an error boundary to your tree to customize error handling behavior.
Visit https://react.dev/link/error-boundaries to learn more about error boundaries. @ http://localhost:3000/node_modules/.vite/deps/react-dom_client.js?v=10748ea8:6965
[ 1438069ms] Error: useAppStore must be used within an AppProvider
    at useAppStore (http://localhost:3000/src/store.tsx:786:23)
    at MainApp (http://localhost:3000/src/App.tsx?t=1788178696689:27:150)
    at Object.react_stack_bottom_frame (http://localhost:3000/node_modules/.vite/deps/react-dom_client.js?v=10748ea8:18509:20)
    at renderWithHooks (http://localhost:3000/node_modules/.vite/deps/react-dom_client.js?v=10748ea8:5654:24)
    at updateFunctionComponent (http://localhost:3000/node_modules/.vite/deps/react-dom_client.js?v=10748ea8:7475:21)
    at beginWork (http://localhost:3000/node_modules/.vite/deps/react-dom_client.js?v=10748ea8:8525:20)
    at runWithFiberInDEV (http://localhost:3000/node_modules/.vite/deps/react-dom_client.js?v=10748ea8:997:72)
    at performUnitOfWork (http://localhost:3000/node_modules/.vite/deps/react-dom_client.js?v=10748ea8:12561:98)
    at workLoopSync (http://localhost:3000/node_modules/.vite/deps/react-dom_client.js?v=10748ea8:12424:43)
    at renderRootSync (http://localhost:3000/node_modules/.vite/deps/react-dom_client.js?v=10748ea8:12408:13)
[ 1438068ms] [WARNING] %s

%s
 An error occurred in the <MainApp> component. Consider adding an error boundary to your tree to customize error handling behavior.
Visit https://react.dev/link/error-boundaries to learn more about error boundaries. @ http://localhost:3000/node_modules/.vite/deps/react-dom_client.js?v=10748ea8:6965
[ 1441953ms] Error: useAppStore must be used within an AppProvider
    at useAppStore (http://localhost:3000/src/store.tsx:786:23)
    at MainApp (http://localhost:3000/src/App.tsx?t=1788178696689:27:150)
    at Object.react_stack_bottom_frame (http://localhost:3000/node_modules/.vite/deps/react-dom_client.js?v=10748ea8:18509:20)
    at renderWithHooks (http://localhost:3000/node_modules/.vite/deps/react-dom_client.js?v=10748ea8:5654:24)
    at updateFunctionComponent (http://localhost:3000/node_modules/.vite/deps/react-dom_client.js?v=10748ea8:7475:21)
    at beginWork (http://localhost:3000/node_modules/.vite/deps/react-dom_client.js?v=10748ea8:8525:20)
    at runWithFiberInDEV (http://localhost:3000/node_modules/.vite/deps/react-dom_client.js?v=10748ea8:997:72)
    at performUnitOfWork (http://localhost:3000/node_modules/.vite/deps/react-dom_client.js?v=10748ea8:12561:98)
    at workLoopSync (http://localhost:3000/node_modules/.vite/deps/react-dom_client.js?v=10748ea8:12424:43)
    at renderRootSync (http://localhost:3000/node_modules/.vite/deps/react-dom_client.js?v=10748ea8:12408:13)
[ 1441952ms] [WARNING] %s

%s
 An error occurred in the <MainApp> component. Consider adding an error boundary to your tree to customize error handling behavior.
Visit https://react.dev/link/error-boundaries to learn more about error boundaries. @ http://localhost:3000/node_modules/.vite/deps/react-dom_client.js?v=10748ea8:6965
[ 1456616ms] [INFO] %cDownload the React DevTools for a better development experience: https://react.dev/link/react-devtools font-weight:bold @ http://localhost:3000/node_modules/.vite/deps/react-dom_client.js?v=10748ea8:20102
[ 1467329ms] [ERROR] Failed to load resource: the server responded with a status of 500 (Internal Server Error) @ http://127.0.0.1:54321/functions/v1/get-weather:0
[ 1467329ms] [WARNING] Unable to load CWA weather; using Open-Meteo fallback. @ http://localhost:3000/src/features/world/world-weather-runtime.ts?t=1788179638918:101
[ 1667144ms] [INFO] %cDownload the React DevTools for a better development experience: https://react.dev/link/react-devtools font-weight:bold @ http://localhost:3000/node_modules/.vite/deps/react-dom_client.js?v=10748ea8:20102
[ 1679765ms] [ERROR] Failed to load resource: the server responded with a status of 500 (Internal Server Error) @ http://127.0.0.1:54321/functions/v1/get-weather:0
[ 1679766ms] [WARNING] Unable to load CWA weather; using Open-Meteo fallback. @ http://localhost:3000/src/features/world/world-weather-runtime.ts?t=1788179638918:101
[ 1849589ms] [INFO] %cDownload the React DevTools for a better development experience: https://react.dev/link/react-devtools font-weight:bold @ http://localhost:3000/node_modules/.vite/deps/react-dom_client.js?v=10748ea8:20102
[ 1862135ms] [ERROR] Failed to load resource: the server responded with a status of 500 (Internal Server Error) @ http://127.0.0.1:54321/functions/v1/get-weather:0
[ 1862136ms] [WARNING] Unable to load CWA weather; using Open-Meteo fallback. @ http://localhost:3000/src/features/world/world-weather-runtime.ts?t=1788179638918:101
[ 1901157ms] [INFO] %cDownload the React DevTools for a better development experience: https://react.dev/link/react-devtools font-weight:bold @ http://localhost:3000/node_modules/.vite/deps/react-dom_client.js?v=10748ea8:20102
[ 1912167ms] [ERROR] Failed to load resource: the server responded with a status of 500 (Internal Server Error) @ http://127.0.0.1:54321/functions/v1/get-weather:0
[ 1912168ms] [WARNING] Unable to load CWA weather; using Open-Meteo fallback. @ http://localhost:3000/src/features/world/world-weather-runtime.ts?t=1788179638918:101
